[lambert.kwst.net/site/index.html]
[backblue.gif]
[fade.gif]
[index.html]
[lambert.kwst.net/site/css/plugins.css]
[lambert.kwst.net/site/css/style.css]
[lambert.kwst.net/site/css/color.css]
[lambert.kwst.net/site/images/favicon.ico]
[lambert.kwst.net/site/images/loader.png]
[lambert.kwst.net/site/images/logo.png]
[lambert.kwst.net/site/images/logo2.png]
[lambert.kwst.net/site/menu.html]
[lambert.kwst.net/site/gallery.html]
[lambert.kwst.net/site/reservation.html]
[lambert.kwst.net/site/shop.html]
[lambert.kwst.net/site/contact.html]
[lambert.kwst.net/site/blog.html]
[lambert.kwst.net/site/images/bg/1.jpg]
[lambert.kwst.net/site/images/bg/28.jpg]
[lambert.kwst.net/site/images/bg/8.jpg]
[lambert.kwst.net/site/images/bg/13.jpg]
[lambert.kwst.net/site/images/bg/14.jpg]
[lambert.kwst.net/site/images/bg/15.jpg]
[lambert.kwst.net/site/images/bg/18.jpg]
[lambert.kwst.net/site/video/1.mp4]
[lambert.kwst.net/site/images/slider/3.jpg]
[lambert.kwst.net/site/images/slider/2.jpg]
[lambert.kwst.net/site/images/slider/1.jpg]
[lambert.kwst.net/site/images/team/thumbnails/1.jpg]
[lambert.kwst.net/site/images/team/thumbnails/2.jpg]
[lambert.kwst.net/site/images/team/thumbnails/3.jpg]
[lambert.kwst.net/site/images/team/thumbnails/4.jpg]
[lambert.kwst.net/site/js/scripts.js]
[lambert.kwst.net/site/index.html]
[lambert.kwst.net/site/css/reset.css]
[lambert.kwst.net/site/js/jquery.min.js]
[lambert.kwst.net/site/fonts/fontawesome-webfont3e6e.eot]
[lambert.kwst.net/site/fonts/fontawesome-webfontd41d.eot]
[lambert.kwst.net/site/js/plugins.js]
[lambert.kwst.net/site/fonts/fontawesome-webfont3e6e.woff2]
[lambert.kwst.net/site/fonts/fontawesome-webfont3e6e.woff]
[lambert.kwst.net/site/fonts/fontawesome-webfont3e6e.ttf]
[lambert.kwst.net/site/fonts/fontawesome-webfont3e6e.svg]
[lambert.kwst.net/site/css/plugins.css]
[lambert.kwst.net/site/images/bef-af.png]
[lambert.kwst.net/site/images/separator.png]
[lambert.kwst.net/site/images/color-separator.png]
[lambert.kwst.net/site/images/ver-separator.png]
[lambert.kwst.net/site/css/style.css]
[lambert.kwst.net/site/css/color.css]
[lambert.kwst.net/site/images/menu/1.png]
[lambert.kwst.net/site/images/bg/11.jpg]
[lambert.kwst.net/site/images/bg/12.jpg]
[lambert.kwst.net/site/images/bg/16.jpg]
[lambert.kwst.net/site/images/bg/17.jpg]
[lambert.kwst.net/site/images/menu/2.png]
[lambert.kwst.net/site/images/bg/20.jpg]
[lambert.kwst.net/site/images/bg/21.jpg]
[lambert.kwst.net/site/images/bg/22.jpg]
[lambert.kwst.net/site/images/bg/27.jpg]
[lambert.kwst.net/site/images/menu/3.png]
[lambert.kwst.net/site/images/bg/19.jpg]
[lambert.kwst.net/site/menu.html]
[lambert.kwst.net/site/images/gallery/1.jpg]
[lambert.kwst.net/site/images/gallery/2.jpg]
[lambert.kwst.net/site/images/gallery/3.jpg]
[lambert.kwst.net/site/images/gallery/4.jpg]
[lambert.kwst.net/site/images/gallery/8.jpg]
[lambert.kwst.net/site/images/gallery/7.jpg]
[lambert.kwst.net/site/images/gallery/5.jpg]
[lambert.kwst.net/site/images/gallery/6.jpg]
[lambert.kwst.net/site/gallery.html]
[lambert.kwst.net/site/images/bg/33.jpg]
[lambert.kwst.net/site/reservation.html]
[lambert.kwst.net/site/cart.html]
[lambert.kwst.net/site/product.html]
[lambert.kwst.net/site/shop.html]
[lambert.kwst.net/site/images/bg/32.jpg]
[lambert.kwst.net/site/contact.html]
[lambert.kwst.net/site/blog-single.html]
[lambert.kwst.net/site/images/blog/1.jpg]
[lambert.kwst.net/site/images/blog/2.jpg]
[lambert.kwst.net/site/images/blog/3.jpg]
[lambert.kwst.net/site/images/blog/4.jpg]
[lambert.kwst.net/site/images/blog/users/1.jpg]
[lambert.kwst.net/site/images/blog/users/2.jpg]
[lambert.kwst.net/site/blog.html]
[lambert.kwst.net/site/video/1.mp4]
[lambert.kwst.net/site/team/mem1.html]
[lambert.kwst.net/site/team/mem2.html]
[lambert.kwst.net/site/team/mem3.html]
[lambert.kwst.net/site/team/mem4.html]
[lambert.kwst.net/site/fonts/fontawesome-webfont3e6e.svg]
[lambert.kwst.net/site/images/grabbing.html]
[lambert.kwst.net/site/cart.html]
[lambert.kwst.net/site/product.html]
[lambert.kwst.net/site/blog-single.html]
[lambert.kwst.net/site/team/images/team/big/1.html]
[lambert.kwst.net/site/team/images/team/big/2.html]
[lambert.kwst.net/site/team/images/team/big/3.html]
[lambert.kwst.net/site/team/images/team/big/4.html]
